digraph "D:/Arimaa/MCTS/src/tictactoe/TicTacToe.h" {
	node [label="\N", fontname=Helvetica, fontsize=10, shape=record];
	edge [fontname=Helvetica, fontsize=10, labelfontname=Helvetica, labelfontsize=10];
	graph [bb="0,0,338,252"];
	Node1 [label="D:/Arimaa/MCTS/src\l/tictactoe/TicTacToe.h", height="0.39", width="1.61", color=black, fillcolor=grey75, style=filled, fontcolor=black, pos="197,230", rects="139,216,256,244"];
	Node2 [label="../interfaces/TheGame.h", height="0.22", width="1.72", color=black, fillcolor=white, style=filled, URL="$_the_game_8h.html", tooltip="Define class skelleton for an abstract class. ", pos="197,172", rects="135,164,260,180"];
	Node3 [label="Move.h", height="0.22", width="0.64", color=black, fillcolor=white, style=filled, URL="$_move_8h.html", tooltip="Define class Move. ", pos="64,120", rects="41,112,87,128"];
	Node4 [label=string, height="0.22", width="0.50", color=grey75, fillcolor=white, style=filled, pos="18,68", rects="0,60,37,76"];
	Node5 [label=iostream, height="0.22", width="0.69", color=grey75, fillcolor=white, style=filled, pos="158,16", rects="133,8,184,24"];
	Node6 [label="Bitboard.h", height="0.22", width="0.83", color=black, fillcolor=white, style=filled, URL="$_bitboard_8h.html", tooltip="Define class Bitboard. ", pos="197,120", rects="167,112,228,128"];
	Node7 [label="stdint.h", height="0.22", width="0.61", color=grey75, fillcolor=white, style=filled, pos="114,68", rects="92,60,137,76"];
	Node8 [label=vector, height="0.22", width="0.56", color=grey75, fillcolor=white, style=filled, pos="174,68", rects="154,60,194,76"];
	Node9 [label=list, height="0.22", width="0.39", color=grey75, fillcolor=white, style=filled, pos="324,68", rects="310,60,339,76"];
	Node10 [label="../tools/Count.h", height="0.22", width="1.11", color=black, fillcolor=white, style=filled, URL="$_count_8h.html", tooltip="Define singleton Count. ", pos="252,68", rects="212,60,293,76"];
	Node1 -> Node2 [color=midnightblue, style=solid, pos="e,197,180 197,216 197,208 197,198 197,189"];
	Node2 -> Node3 [color=midnightblue, style=solid, pos="e,85,128 177,164 155,155 118,141 93,131"];
	Node3 -> Node4 [color=midnightblue, style=solid, pos="e,25,76 57,112 50,104 40,92 31,83"];
	Node3 -> Node5 [color=midnightblue, style=solid, pos="e,135,24 65,112 66,99 71,75 83,60 95,46 112,35 127,28"];
	Node2 -> Node6 [color=midnightblue, style=solid, pos="e,197,128 197,164 197,157 197,146 197,137"];
	Node6 -> Node7 [color=midnightblue, style=solid, pos="e,127,76 184,112 171,103 150,91 135,81"];
	Node6 -> Node8 [color=midnightblue, style=solid, pos="e,178,76 193,112 190,105 185,94 182,85"];
	Node6 -> Node9 [color=midnightblue, style=solid, pos="e,310,76 220,112 241,105 273,93 301,80"];
	Node6 -> Node10 [color=midnightblue, style=solid, pos="e,243,76 206,112 214,104 227,92 237,82"];
	Node10 -> Node5 [color=midnightblue, style=solid, pos="e,173,24 237,60 222,51 198,38 181,28"];
	Node2 -> Node9 [color=midnightblue, style=solid, pos="e,314,76 207,164 229,146 280,104 307,82"];
}
